{"timestamp":"2025-06-14T15:57:57.370Z","message":"Transaction parsing failed","txHash":"0xmockdeposithahs1234567890123456789012345678901234567890","error":"could not coalesce error (error={ \"code\": -32602, \"data\": { \"data\": { \"method\": \"eth_getTransactionByHash\", \"params\": [ \"0xmockdeposithahs1234567890123456789012345678901234567890\" ] }, \"message\": \"odd number of digits at line 1 column 106\" }, \"message\": \"odd number of digits at line 1 column 106\" }, payload={ \"id\": 5, \"jsonrpc\": \"2.0\", \"method\": \"eth_getTransactionByHash\", \"params\": [ \"0xmockdeposithahs1234567890123456789012345678901234567890\" ] }, code=UNKNOWN_ERROR, version=6.14.3)"}
{"timestamp":"2025-06-14T15:57:59.411Z","message":"Transaction parsing failed","txHash":"0xmockreleasehas1234567890123456789012345678901234567890","error":"could not coalesce error (error={ \"code\": -32602, \"data\": { \"data\": { \"method\": \"eth_getTransactionByHash\", \"params\": [ \"0xmockreleasehas1234567890123456789012345678901234567890\" ] }, \"message\": \"invalid string length at line 1 column 105\" }, \"message\": \"invalid string length at line 1 column 105\" }, payload={ \"id\": 8, \"jsonrpc\": \"2.0\", \"method\": \"eth_getTransactionByHash\", \"params\": [ \"0xmockreleasehas1234567890123456789012345678901234567890\" ] }, code=UNKNOWN_ERROR, version=6.14.3)"}
{"timestamp":"2025-06-14T15:57:59.516Z","message":"Database update failed","orderId":"order_f433f95b","error":"Supabase client not initialized","eventData":{"type":"EscrowDeposited","depositor":"0x70997970C51812dc3A010C7d01b50e0d17dc79C8","amount":"1000000000000000000","transactionHash":"0x289c7706ba87f1c1adc3b446ab58522cc20138f7c79609ee93de67ebf433f95b","blockNumber":16,"blockHash":"0xa8e986e3681f06fe735e1e3e941ec65bd5657048b1f1f6eab8988694b4e38e9e","logIndex":0,"args":{"depositor":"0x70997970C51812dc3A010C7d01b50e0d17dc79C8","amount":"1000000000000000000"}}}
{"timestamp":"2025-06-14T16:02:12.724Z","message":"Provider disconnected"}
{"timestamp":"2025-06-14T16:02:12.777Z","message":"Database update failed","orderId":"order_f433f95b","error":"Supabase client not initialized","eventData":{"transactionHash":"0x289c7706ba87f1c1adc3b446ab58522cc20138f7c79609ee93de67ebf433f95b","blockNumber":16,"blockHash":"0xa8e986e3681f06fe735e1e3e941ec65bd5657048b1f1f6eab8988694b4e38e9e","args":{"0":"0x70997970C51812dc3A010C7d01b50e0d17dc79C8","1":"1000000000000000000"}}}
{"timestamp":"2025-06-14T16:02:12.778Z","message":"Database update failed","orderId":"order_a91fb72a","error":"Supabase client not initialized","eventData":{"transactionHash":"0x5d94910883bf83a2d942d8f34b52f8f711469fc6122f9f15c556587fa91fb72a","blockNumber":17,"blockHash":"0xbd8230c27cbb40ee7c614c2b1882e6521100982def638fc2f74d2b5898199195","args":{"0":"0x3C44CdDdB6a900fa2b585dd299e03d12FA4293BC"}}}
{"timestamp":"2025-06-14T16:05:40.773Z","message":"Transaction parsing failed","txHash":"0xmockdeposithahs1234567890123456789012345678901234567890","error":"could not coalesce error (error={ \"code\": -32602, \"data\": { \"data\": { \"method\": \"eth_getTransactionByHash\", \"params\": [ \"0xmockdeposithahs1234567890123456789012345678901234567890\" ] }, \"message\": \"odd number of digits at line 1 column 106\" }, \"message\": \"odd number of digits at line 1 column 106\" }, payload={ \"id\": 5, \"jsonrpc\": \"2.0\", \"method\": \"eth_getTransactionByHash\", \"params\": [ \"0xmockdeposithahs1234567890123456789012345678901234567890\" ] }, code=UNKNOWN_ERROR, version=6.14.3)"}
{"timestamp":"2025-06-14T16:05:42.815Z","message":"Transaction parsing failed","txHash":"0xmockreleasehas1234567890123456789012345678901234567890","error":"could not coalesce error (error={ \"code\": -32602, \"data\": { \"data\": { \"method\": \"eth_getTransactionByHash\", \"params\": [ \"0xmockreleasehas1234567890123456789012345678901234567890\" ] }, \"message\": \"invalid string length at line 1 column 105\" }, \"message\": \"invalid string length at line 1 column 105\" }, payload={ \"id\": 8, \"jsonrpc\": \"2.0\", \"method\": \"eth_getTransactionByHash\", \"params\": [ \"0xmockreleasehas1234567890123456789012345678901234567890\" ] }, code=UNKNOWN_ERROR, version=6.14.3)"}
{"timestamp":"2025-06-14T16:12:59.458Z","message":"Transaction parsing failed","txHash":"0x1234567890abcdef1234567890abcdef1234567890abcdef1234567890abcdef","error":"Cannot read properties of null (reading 'data')"}
{"timestamp":"2025-06-14T16:13:01.499Z","message":"Transaction parsing failed","txHash":"0x5678901234abcdef5678901234abcdef5678901234abcdef5678901234abcdef","error":"Cannot read properties of null (reading 'data')"}
{"timestamp":"2025-06-14T16:13:02.551Z","message":"Transaction parsing failed","txHash":"0x9012345678abcdef9012345678abcdef9012345678abcdef9012345678abcdef","error":"Cannot read properties of null (reading 'data')"}
{"timestamp":"2025-06-14T16:13:24.705Z","message":"Transaction parsing failed","txHash":"0x1234567890abcdef1234567890abcdef1234567890abcdef1234567890abcdef","error":"Cannot read properties of null (reading 'data')"}
{"timestamp":"2025-06-14T16:13:26.764Z","message":"Transaction parsing failed","txHash":"0x5678901234abcdef5678901234abcdef5678901234abcdef5678901234abcdef","error":"Cannot read properties of null (reading 'data')"}
{"timestamp":"2025-06-14T16:13:27.825Z","message":"Transaction parsing failed","txHash":"0x9012345678abcdef9012345678abcdef9012345678abcdef9012345678abcdef","error":"Cannot read properties of null (reading 'data')"}
{"timestamp":"2025-06-14T16:21:43.267Z","message":"Transaction parsing failed","txHash":"0x1234567890abcdef1234567890abcdef1234567890abcdef1234567890abcdef","error":"Cannot read properties of null (reading 'data')"}
{"timestamp":"2025-06-14T16:21:43.282Z","message":"Transaction parsing failed","error":"Cannot read properties of undefined (reading 'startsWith')"}
{"timestamp":"2025-06-14T16:21:43.329Z","message":"Transaction parsing failed","txHash":"0x1234567890abcdef1234567890abcdef1234567890abcdef1234567890abcdef","error":"Cannot read properties of null (reading 'data')"}
{"timestamp":"2025-06-14T16:21:45.380Z","message":"Transaction parsing failed","txHash":"0x5678901234abcdef5678901234abcdef5678901234abcdef5678901234abcdef","error":"Cannot read properties of null (reading 'data')"}
{"timestamp":"2025-06-14T16:21:46.419Z","message":"Transaction parsing failed","txHash":"0x9012345678abcdef9012345678abcdef9012345678abcdef9012345678abcdef","error":"Cannot read properties of null (reading 'data')"}
{"timestamp":"2025-06-14T16:27:49.223Z","message":"Transaction parsing failed","txHash":"0x1234567890abcdef1234567890abcdef1234567890abcdef1234567890abcdef","error":"Cannot read properties of null (reading 'data')"}
{"timestamp":"2025-06-14T16:27:49.233Z","message":"Transaction parsing failed","error":"Cannot read properties of undefined (reading 'startsWith')"}
{"timestamp":"2025-06-14T16:27:49.285Z","message":"Transaction parsing failed","txHash":"0x1234567890abcdef1234567890abcdef1234567890abcdef1234567890abcdef","error":"Cannot read properties of null (reading 'data')"}
{"timestamp":"2025-06-14T16:27:51.338Z","message":"Transaction parsing failed","txHash":"0x5678901234abcdef5678901234abcdef5678901234abcdef5678901234abcdef","error":"Cannot read properties of null (reading 'data')"}
{"timestamp":"2025-06-14T16:27:52.398Z","message":"Transaction parsing failed","txHash":"0x9012345678abcdef9012345678abcdef9012345678abcdef9012345678abcdef","error":"Cannot read properties of null (reading 'data')"}
{"timestamp":"2025-06-14T16:29:17.369Z","message":"Transaction parsing failed","txHash":"0x1234567890abcdef1234567890abcdef1234567890abcdef1234567890abcdef","error":"Cannot read properties of null (reading 'data')"}
{"timestamp":"2025-06-14T16:29:17.378Z","message":"Transaction parsing failed","error":"Cannot read properties of undefined (reading 'startsWith')"}
{"timestamp":"2025-06-14T16:29:17.416Z","message":"Transaction parsing failed","txHash":"0x1234567890abcdef1234567890abcdef1234567890abcdef1234567890abcdef","error":"Cannot read properties of null (reading 'data')"}
{"timestamp":"2025-06-14T16:29:19.463Z","message":"Transaction parsing failed","txHash":"0x5678901234abcdef5678901234abcdef5678901234abcdef5678901234abcdef","error":"Cannot read properties of null (reading 'data')"}
{"timestamp":"2025-06-14T16:29:20.518Z","message":"Transaction parsing failed","txHash":"0x9012345678abcdef9012345678abcdef9012345678abcdef9012345678abcdef","error":"Cannot read properties of null (reading 'data')"}
